
> venturerank-os@0.1.0 build
> next build

▲ Next.js 16.2.0 (Turbopack)

  Creating an optimized production build ...
✓ Compiled successfully in 2.0s
  Running TypeScript ...
  Finished TypeScript in 2.3s ...
  Collecting page data using 7 workers ...
  Generating static pages using 7 workers (0/12) ...
  Generating static pages using 7 workers (3/12) 
  Generating static pages using 7 workers (6/12) 
  Generating static pages using 7 workers (9/12) 
✓ Generating static pages using 7 workers (12/12) in 165ms
  Finalizing page optimization ...

Route (app)
┌ ○ /
├ ○ /_not-found
├ ○ /admin/intake
├ ƒ /api/ideas
├ ƒ /api/rankings
├ ƒ /api/spawn
├ ○ /dashboard
├ ○ /ideas
├ ƒ /ideas/[slug]
├ ○ /portfolio
└ ○ /rankings


○  (Static)   prerendered as static content
ƒ  (Dynamic)  server-rendered on demand

