Retrieving project…
Deploying noaerth/venturerank-os
Uploading [--------------------] (0.0B/227.1KB)
Uploading [=====---------------] (65.5KB/227.1KB)
Uploading [==========----------] (120.7KB/227.1KB)
Uploading [================----] (182.8KB/227.1KB)
Uploading [====================] (227.1KB/227.1KB)
Inspect: https://vercel.com/noaerth/venturerank-os/HooTsj6XdppHyCSqQJUYijJMzm1A [2s]
Production: https://venturerank-21j1euavq-noaerth.vercel.app [2s]
https://venturerank-21j1euavq-noaerth.vercel.appBuilding...
Building: Running build in Washington, D.C., USA (East) – iad1
Building: Build machine configuration: 2 cores, 8 GB
Building: Retrieving list of deployment files...
Building: Downloading 48 deployment files...
Building: Downloading 48 deployment files...
Building: Restored build cache from previous deployment (7FwzUrXVXGShTP5egCQGwMPQCX48)
Building: Running "vercel build"
Building: Vercel CLI 50.38.2
Building: Installing dependencies...
Building: up to date in 865ms
Building: 144 packages are looking for funding
Building: run `npm fund` for details
Building: Detected Next.js version: 16.2.0
Building: Running "npm run build"
Building: > venturerank-os@0.1.0 build
Building: > next build
Building: ▲ Next.js 16.2.0 (Turbopack)
Building: Creating an optimized production build ...
Building: ✓ Compiled successfully in 5.4s
Building: Running TypeScript ...
Building: Finished TypeScript in 3.9s ...
Building: Collecting page data using 1 worker ...
Building: Generating static pages using 1 worker (0/12) ...
Building: Generating static pages using 1 worker (3/12)
Building: Generating static pages using 1 worker (6/12)
Building: Generating static pages using 1 worker (9/12)
Building: ✓ Generating static pages using 1 worker (12/12) in 222ms
Building: Finalizing page optimization ...
Building: Running onBuildComplete from Vercel
Building: Route (app)
Building: ┌ ○ /
Building: ├ ○ /_not-found
Building: ├ ○ /admin/intake
Building: ├ ƒ /api/ideas
Building: ├ ƒ /api/rankings
Building: ├ ƒ /api/spawn
Building: ├ ○ /dashboard
Building: ├ ○ /ideas
Building: ├ ƒ /ideas/[slug]
Building: ├ ○ /portfolio
Building: └ ○ /rankings
Building: ○  (Static)   prerendered as static content
Building: ƒ  (Dynamic)  server-rendered on demand
Building: Build Completed in /vercel/output [13s]
Building: Deploying outputs...
Building: Deployment completed
Building: Creating build cache...
[2K[1A[2K[GProduction: https://venturerank-21j1euavq-noaerth.vercel.app [33s]
Completing...
Aliased: https://venturerank-os.vercel.app [33s]
